src/br/unicamp/ic/sed/mobilemedia/mobilephonemgr_photo/impl/IManager.java
src/br/unicamp/ic/sed/mobilemedia/mobilephonemgr_photo/impl/IMobilePhoneAdapter.java
src/br/unicamp/ic/sed/mobilemedia/mobilephonemgr_photo/impl/IPhotoAdapter.java
src/br/unicamp/ic/sed/mobilemedia/mobilephonemgr_photo/impl/ComponentFactory.java
src/br/unicamp/ic/sed/mobilemedia/mobilephonemgr_photo/impl/Manager.java
src/br/unicamp/ic/sed/mobilemedia/album_mobilephonemgr/impl/IManager.java
src/br/unicamp/ic/sed/mobilemedia/album_mobilephonemgr/impl/IMobilePhoneAdapter.java
src/br/unicamp/ic/sed/mobilemedia/album_mobilephonemgr/impl/ComponentFactory.java
src/br/unicamp/ic/sed/mobilemedia/album_mobilephonemgr/impl/Manager.java
src/br/unicamp/ic/sed/mobilemedia/album_mobilephonemgr/impl/IAlbumAdapter.java
src/br/unicamp/ic/sed/mobilemedia/main/spec/dt/IImageData.java
src/br/unicamp/ic/sed/mobilemedia/main/spec/excep/VariabilityException.java
src/br/unicamp/ic/sed/mobilemedia/main/IMobileResources.java
src/br/unicamp/ic/sed/mobilemedia/main/MainUIMidlet.java
src/br/unicamp/ic/sed/mobilemedia/filesystemmgr_mobilephonemgr/impl/IManager.java
src/br/unicamp/ic/sed/mobilemedia/filesystemmgr_mobilephonemgr/impl/IFileSystemAdapter.java
src/br/unicamp/ic/sed/mobilemedia/filesystemmgr_mobilephonemgr/impl/ComponentFactory.java
src/br/unicamp/ic/sed/mobilemedia/filesystemmgr_mobilephonemgr/impl/Manager.java
src/br/unicamp/ic/sed/mobilemedia/mainuimidlet_exceptionhandler/impl/IManager.java
src/br/unicamp/ic/sed/mobilemedia/mainuimidlet_exceptionhandler/impl/MobileResourcesEHAdapter.java
src/br/unicamp/ic/sed/mobilemedia/mainuimidlet_exceptionhandler/impl/ComponentFactory.java
src/br/unicamp/ic/sed/mobilemedia/mainuimidlet_exceptionhandler/impl/Manager.java
src/br/unicamp/ic/sed/mobilemedia/album/spec/req/IMobileResources.java
src/br/unicamp/ic/sed/mobilemedia/album/spec/req/IMobilePhone.java
src/br/unicamp/ic/sed/mobilemedia/album/spec/prov/IManager.java
src/br/unicamp/ic/sed/mobilemedia/album/spec/prov/IAlbum.java
src/br/unicamp/ic/sed/mobilemedia/album/spec/prov/Start.java
src/br/unicamp/ic/sed/mobilemedia/album/impl/AlbumListScreen.java
src/br/unicamp/ic/sed/mobilemedia/album/impl/NewAlbumScreen.java
src/br/unicamp/ic/sed/mobilemedia/album/impl/InternalAlbumController.java
src/br/unicamp/ic/sed/mobilemedia/album/impl/ComponentFactory.java
src/br/unicamp/ic/sed/mobilemedia/album/impl/Manager.java
src/br/unicamp/ic/sed/mobilemedia/album/impl/IAlbumFacade.java
src/br/unicamp/ic/sed/mobilemedia/mainuimidlet_album/impl/IManager.java
src/br/unicamp/ic/sed/mobilemedia/mainuimidlet_album/impl/ComponentFactory.java
src/br/unicamp/ic/sed/mobilemedia/mainuimidlet_album/impl/Manager.java
src/br/unicamp/ic/sed/mobilemedia/mainuimidlet_album/impl/IMobileResourcesAdapter.java
src/br/unicamp/ic/sed/mobilemedia/filesystemmgr/aspects/XPIAlbumData.aj
src/br/unicamp/ic/sed/mobilemedia/filesystemmgr/aspects/XPIIFilesystemEH.aj
src/br/unicamp/ic/sed/mobilemedia/filesystemmgr/spec/dt/ImageData.java
src/br/unicamp/ic/sed/mobilemedia/filesystemmgr/spec/excep/InvalidImageFormatException.java
src/br/unicamp/ic/sed/mobilemedia/filesystemmgr/spec/excep/UnavailablePhotoAlbumException.java
src/br/unicamp/ic/sed/mobilemedia/filesystemmgr/spec/excep/InvalidArrayFormatException.java
src/br/unicamp/ic/sed/mobilemedia/filesystemmgr/spec/excep/PersistenceMechanismException.java
src/br/unicamp/ic/sed/mobilemedia/filesystemmgr/spec/excep/ImageNotFoundException.java
src/br/unicamp/ic/sed/mobilemedia/filesystemmgr/spec/excep/NullAlbumDataReference.java
src/br/unicamp/ic/sed/mobilemedia/filesystemmgr/spec/excep/InvalidImageDataException.java
src/br/unicamp/ic/sed/mobilemedia/filesystemmgr/spec/excep/ImagePathNotValidException.java
src/br/unicamp/ic/sed/mobilemedia/filesystemmgr/spec/excep/InvalidPhotoAlbumNameException.java
src/br/unicamp/ic/sed/mobilemedia/filesystemmgr/spec/prov/IManager.java
src/br/unicamp/ic/sed/mobilemedia/filesystemmgr/spec/prov/IFilesystem.java
src/br/unicamp/ic/sed/mobilemedia/filesystemmgr/impl/ExceptionThrower.aj
src/br/unicamp/ic/sed/mobilemedia/filesystemmgr/impl/IFileSystemFacade.java
src/br/unicamp/ic/sed/mobilemedia/filesystemmgr/impl/ImageAccessor.java
src/br/unicamp/ic/sed/mobilemedia/filesystemmgr/impl/ComponentFactory.java
src/br/unicamp/ic/sed/mobilemedia/filesystemmgr/impl/ImageUtil.java
src/br/unicamp/ic/sed/mobilemedia/filesystemmgr/impl/AlbumData.java
src/br/unicamp/ic/sed/mobilemedia/filesystemmgr/impl/Manager.java
src/br/unicamp/ic/sed/mobilemedia/excep_filesystem/impl/IManager.java
src/br/unicamp/ic/sed/mobilemedia/excep_filesystem/impl/FilesystemBinder.aj
src/br/unicamp/ic/sed/mobilemedia/excep_filesystem/impl/ComponentFactory.java
src/br/unicamp/ic/sed/mobilemedia/excep_filesystem/impl/Manager.java
src/br/unicamp/ic/sed/mobilemedia/excep_filesystem/impl/ExceptionAdapter.aj
src/br/unicamp/ic/sed/mobilemedia/mobilephonemgr/aspects/XPIMobilePhoneMgrEH.aj
src/br/unicamp/ic/sed/mobilemedia/mobilephonemgr/spec/dt/Constants.java
src/br/unicamp/ic/sed/mobilemedia/mobilephonemgr/spec/dt/Command.java
src/br/unicamp/ic/sed/mobilemedia/mobilephonemgr/spec/req/IAlbum.java
src/br/unicamp/ic/sed/mobilemedia/mobilephonemgr/spec/req/IFilesystem.java
src/br/unicamp/ic/sed/mobilemedia/mobilephonemgr/spec/req/IMobileResources.java
src/br/unicamp/ic/sed/mobilemedia/mobilephonemgr/spec/req/IPhoto.java
src/br/unicamp/ic/sed/mobilemedia/mobilephonemgr/spec/req/IExceptionHandler.java
src/br/unicamp/ic/sed/mobilemedia/mobilephonemgr/spec/excep/InvalidImageFormatException.java
src/br/unicamp/ic/sed/mobilemedia/mobilephonemgr/spec/excep/UnavailablePhotoAlbumException.java
src/br/unicamp/ic/sed/mobilemedia/mobilephonemgr/spec/excep/InvalidArrayFormatException.java
src/br/unicamp/ic/sed/mobilemedia/mobilephonemgr/spec/excep/PersistenceMechanismException.java
src/br/unicamp/ic/sed/mobilemedia/mobilephonemgr/spec/excep/ImageNotFoundException.java
src/br/unicamp/ic/sed/mobilemedia/mobilephonemgr/spec/excep/NullAlbumDataReference.java
src/br/unicamp/ic/sed/mobilemedia/mobilephonemgr/spec/excep/InvalidImageDataException.java
src/br/unicamp/ic/sed/mobilemedia/mobilephonemgr/spec/excep/ImagePathNotValidException.java
src/br/unicamp/ic/sed/mobilemedia/mobilephonemgr/spec/excep/InvalidPhotoAlbumNameException.java
src/br/unicamp/ic/sed/mobilemedia/mobilephonemgr/spec/prov/IManager.java
src/br/unicamp/ic/sed/mobilemedia/mobilephonemgr/spec/prov/IMobilePhone.java
src/br/unicamp/ic/sed/mobilemedia/mobilephonemgr/impl/BaseController.java
src/br/unicamp/ic/sed/mobilemedia/mobilephonemgr/impl/IMobilePhoneMgrFacade.java
src/br/unicamp/ic/sed/mobilemedia/mobilephonemgr/impl/ComponentFactory.java
src/br/unicamp/ic/sed/mobilemedia/mobilephonemgr/impl/Manager.java
src/br/unicamp/ic/sed/mobilemedia/photo/aspects/XPIChangeScreen.aj
src/br/unicamp/ic/sed/mobilemedia/photo/spec/dt/Image.java
src/br/unicamp/ic/sed/mobilemedia/photo/spec/dt/Constants.java
src/br/unicamp/ic/sed/mobilemedia/photo/spec/dt/Command.java
src/br/unicamp/ic/sed/mobilemedia/photo/spec/req/IMobileResources.java
src/br/unicamp/ic/sed/mobilemedia/photo/spec/req/IMobilePhone.java
src/br/unicamp/ic/sed/mobilemedia/photo/spec/prov/IManager.java
src/br/unicamp/ic/sed/mobilemedia/photo/spec/prov/IPhoto.java
src/br/unicamp/ic/sed/mobilemedia/photo/impl/AddPhotoToAlbum.java
src/br/unicamp/ic/sed/mobilemedia/photo/impl/PhotoListScreen.java
src/br/unicamp/ic/sed/mobilemedia/photo/impl/NewLabelScreen.java
src/br/unicamp/ic/sed/mobilemedia/photo/impl/IPhotoFacade.java
src/br/unicamp/ic/sed/mobilemedia/photo/impl/ComponentFactory.java
src/br/unicamp/ic/sed/mobilemedia/photo/impl/PhotoViewScreen.java
src/br/unicamp/ic/sed/mobilemedia/photo/impl/Manager.java
src/br/unicamp/ic/sed/mobilemedia/photo/impl/PhotoController.java
src/br/unicamp/ic/sed/mobilemedia/mainuimidlet_photo/impl/IManager.java
src/br/unicamp/ic/sed/mobilemedia/mainuimidlet_photo/impl/ComponentFactory.java
src/br/unicamp/ic/sed/mobilemedia/mainuimidlet_photo/impl/Manager.java
src/br/unicamp/ic/sed/mobilemedia/mainuimidlet_photo/impl/IMobileResourcesAdapter.java
src/br/unicamp/ic/sed/mobilemedia/mainuimidlet_mobilephonemgr/impl/IManager.java
src/br/unicamp/ic/sed/mobilemedia/mainuimidlet_mobilephonemgr/impl/IAdapterMobilePhoneMgrMainMidlet.java
src/br/unicamp/ic/sed/mobilemedia/mainuimidlet_mobilephonemgr/impl/ComponentFactory.java
src/br/unicamp/ic/sed/mobilemedia/mainuimidlet_mobilephonemgr/impl/Manager.java
src/br/unicamp/ic/sed/mobilemedia/exceptionhandler/spec/req/IMobileResources.java
src/br/unicamp/ic/sed/mobilemedia/exceptionhandler/spec/prov/IManager.java
src/br/unicamp/ic/sed/mobilemedia/exceptionhandler/spec/prov/IExceptionHandler.java
src/br/unicamp/ic/sed/mobilemedia/exceptionhandler/impl/IExceptionHandlerFacade.java
src/br/unicamp/ic/sed/mobilemedia/exceptionhandler/impl/Handler.java
src/br/unicamp/ic/sed/mobilemedia/exceptionhandler/impl/ComponentFactory.java
src/br/unicamp/ic/sed/mobilemedia/exceptionhandler/impl/Manager.java
src/br/unicamp/ic/sed/mobilemedia/excep_mobilephone/impl/IManager.java
src/br/unicamp/ic/sed/mobilemedia/excep_mobilephone/impl/MobileBinder.aj
src/br/unicamp/ic/sed/mobilemedia/excep_mobilephone/impl/ComponentFactory.java
src/br/unicamp/ic/sed/mobilemedia/excep_mobilephone/impl/Manager.java
src/br/unicamp/ic/sed/mobilemedia/excep_mobilephone/impl/ExceptionAdapter.aj
